
Allocating common symbols
Common symbol       size              file

saved_context_r13_irq
                    0x8               ./../mem_cpu.o
saved_context_r12_svc
                    0x8               ./../mem_cpu.o
debugger_buffer     0x100             ./../mem_printk.o
saved_spsr_fiq      0x4               ./../mem_cpu.o
saved_spsr_und      0x4               ./../mem_cpu.o
saved_spsr_irq      0x4               ./../mem_cpu.o
saved_context_r13_abt
                    0x8               ./../mem_cpu.o
saved_spsr_mon      0x4               ./../mem_cpu.o
saved_empty_context_svc
                    0xb0              ./../mem_cpu.o
saved_context_r13_fiq
                    0x1c              ./../mem_cpu.o
saved_cpsr_svc      0x4               ./../mem_cpu.o
saved_context_r13_sys
                    0x8               ./../mem_cpu.o
saved_spsr_abt      0x4               ./../mem_cpu.o
saved_context_r13_mon
                    0x8               ./../mem_cpu.o
saved_context       0xa0              ./../mem_cpu.o
saved_spsr_svc      0x4               ./../mem_cpu.o
saved_context_r13_und
                    0x8               ./../mem_cpu.o

Memory Configuration

Name             Origin             Length             Attributes
*default*        0x00000000         0xffffffff

Linker script and memory map

                0x00000000                __resume1_start = .

.text           0x00000000     0x26bc
 ./super/resume/resume_head.o(.rodata)
 .rodata        0x00000000       0x30 ./super/resume/resume_head.o
                0x00000000                resume_head
 ./super/resume/resume1.o(.text)
 .text          0x00000030       0x60 ./super/resume/resume1.o
                0x00000030                _start
 *(.text)
 .text          0x00000090        0x0 ./super/resume/resume_head.o
 .text          0x00000090       0x24 ./super/common.o
                0x00000090                mem_memcpy
 .text          0x000000b4        0x0 ./super/super_twi.o
 .text          0x000000b4       0x28 ./super/super_delay.o
                0x000000b4                mem_delay
 .text          0x000000dc        0x0 ./super/super_clock.o
 .text          0x000000dc        0x0 ./super/super_power.o
 .text          0x000000dc       0xf0 ./super/super_cpus.o
                0x000000dc                cpucfg_set_cpu_reset_state
                0x00000120                super_enable_aw_cpu
 .text          0x000001cc      0x394 ./super/resume/resume1_c_part.o
                0x000001cc                resume1_c_part
                0x000002b8                set_pll
 .text          0x00000560      0x12c ./../pm_debug.o
                0x00000560                busy_waiting
                0x00000580                fake_busy_waiting
                0x000005a0                save_mem_flag
                0x000005a4                clear_mem_flag
                0x000005a8                save_mem_status
                0x000005c8                get_mem_status
                0x000005d8                save_mem_status_nommu
                0x000005f4                save_cpux_mem_status_nommu
                0x00000610                io_init
                0x00000628                io_init_high
                0x00000640                io_init_low
                0x00000658                io_high
 .text          0x0000068c      0x26c ./../mem_timing.o
                0x0000068c                init_perfcounters
                0x000006b8                backup_perfcounter
                0x000006d4                restore_perfcounter
                0x000006f8                get_cyclecount
                0x00000700                reset_counter
                0x00000714                change_runtime_env
                0x00000810                delay_us
                0x00000868                delay_ms
                0x00000874                init_event_counter
                0x000008a0                set_event_counter
                0x000008cc                get_event_counter
 *fill*         0x000008f8        0x8 00
 .text          0x00000900       0xa0 ./../mem_mmu_pc.o
                0x00000900                save_mmu_state
                0x0000093c                restore_mmu_state
 .text          0x000009a0      0x560 ./../mem_mmu_pc_asm.o
                0x000009a0                save_sp
                0x000009ac                save_sp_nommu
                0x000009b8                restore_sp
                0x000009c0                get_sp
                0x000009d0                invalidate_dcache
                0x00000a64                invalidate_icache
                0x00000a7c                flush_dcache
                0x00000b18                flush_icache
                0x00000b3c                disable_cache
                0x00000b5c                disable_dcache
                0x00000b78                disable_icache
                0x00000b94                disable_l2cache
                0x00000bb0                enable_cache
                0x00000bd0                enable_icache
                0x00000bec                invalidate_branch_predictor
                0x00000c04                disable_program_flow_prediction
                0x00000c20                enable_program_flow_prediction
                0x00000c3c                mem_flush_tlb
                0x00000c60                mem_preload_tlb
                0x00000d84                disable_mmu
                0x00000db4                enable_mmu
                0x00000df4                jump_to_suspend
                0x00000e10                jump_to_resume
                0x00000e30                jump_to_resume0
                0x00000e40                jump_to_resume0_nommu
 .text          0x00000f00      0x2dc ./../mem_cpu.o
                0x00000f00                __save_processor_state
                0x0000100c                __restore_processor_state
                0x000010e0                disable_cache_invalidate
                0x000010f8                set_copro_default
                0x000011a0                save_processor_state
                0x000011ac                restore_processor_state
                0x000011b8                restore_processor_ttbr0
                0x000011cc                set_ttbr0
 .text          0x000011dc      0x308 ./../mem_serial.o
                0x000011dc                serial_init_nommu
                0x00001278                serial_puts_nommu
                0x000012f0                serial_gets_nommu
                0x00001360                serial_init
                0x000013fc                serial_puts
                0x00001474                serial_gets
 .text          0x000014e4      0x964 ./../mem_printk.o
                0x000014e4                strlen
                0x00001510                strcpy
                0x0000152c                strncpy
                0x00001554                strcat
                0x00001594                strncat
                0x000015fc                strcmp
                0x0000162c                strncmp
                0x000016a4                itoa
                0x00001788                utoa
                0x00001844                print_align
                0x000018a0                printk
                0x00001b74                printk_nommu
 .text          0x00001e48      0x1dc ./../mem_divlib.o
                0x00001e48                standby_delay
                0x00001e70                standby_delay_cycle
                0x00001e7c                Ldiv0
                0x00001e8c                __aeabi_uidiv
                0x00001f28                __aeabi_idiv
                0x00001ff4                __aeabi_uidivmod
                0x0000200c                __aeabi_idivmod
 .text          0x00002024       0x58 ./../mem_divlibc.o
                0x00002024                __div0
                0x00002030                raw_lib_udiv
 .text          0x0000207c      0x18c ./../mem_int.o
                0x0000207c                mem_int_init
                0x0000210c                mem_int_exit
                0x00002160                mem_enable_int
                0x000021b8                mem_query_int
 .text          0x00002208      0x198 ./../mem_tmr.o
                0x00002208                mem_tmr_save
                0x00002268                mem_tmr_restore
                0x000022b8                mem_tmr_init
                0x000022f0                mem_tmr_exit
                0x00002318                mem_tmr_enable_watchdog
                0x00002360                mem_tmr_disable_watchdog
 .text          0x000023a0      0x31c ./../mem_clk.o
                0x000023a0                mem_clk_save
                0x0000243c                mem_clk_restore
                0x00002528                mem_clk_init
                0x00002558                mem_clk_setdiv
                0x0000259c                mem_clk_getdiv
                0x000025cc                mem_clk_set_pll_factor
                0x0000261c                mem_clk_get_pll_factor
                0x00002658                mem_clk_set_misc
                0x00002690                mem_clk_get_misc

.glue_7         0x000026bc        0x0
 .glue_7        0x00000000        0x0 linker stubs

.glue_7t        0x000026bc        0x0
 .glue_7t       0x00000000        0x0 linker stubs

.vfp11_veneer   0x000026bc        0x0
 .vfp11_veneer  0x00000000        0x0 linker stubs

.v4_bx          0x000026bc        0x0
 .v4_bx         0x00000000        0x0 linker stubs

.iplt           0x000026bc        0x0
 .iplt          0x00000000        0x0 ./super/resume/resume_head.o

.rodata         0x000026bc       0x10
 *(.rodata)
 .rodata        0x000026bc       0x10 ./../mem_timing.o

.rodata.str1.4  0x000026cc      0x120
 .rodata.str1.4
                0x000026cc       0xbd ./super/resume/resume1_c_part.o
                                 0xc0 (size before relaxing)
 *fill*         0x00002789        0x3 00
 .rodata.str1.4
                0x0000278c       0x25 ./../mem_printk.o
                                 0x28 (size before relaxing)
 *fill*         0x000027b1        0x3 00
 .rodata.str1.4
                0x000027b4       0x1a ./../mem_divlibc.o
                                 0x1c (size before relaxing)
 *fill*         0x000027ce        0x2 00
 .rodata.str1.4
                0x000027d0       0x1c ./../mem_int.o

.rel.dyn        0x000027ec        0x0
 .rel.iplt      0x00000000        0x0 ./super/resume/resume_head.o

.data           0x000027ec        0x4
 *(.data)
 .data          0x000027ec        0x0 ./super/resume/resume_head.o
 .data          0x000027ec        0x0 ./super/resume/resume1.o
 .data          0x000027ec        0x0 ./super/common.o
 .data          0x000027ec        0x0 ./super/super_twi.o
 .data          0x000027ec        0x0 ./super/super_delay.o
 .data          0x000027ec        0x0 ./super/super_clock.o
 .data          0x000027ec        0x0 ./super/super_power.o
 .data          0x000027ec        0x0 ./super/super_cpus.o
 .data          0x000027ec        0x4 ./super/resume/resume1_c_part.o
 .data          0x000027f0        0x0 ./../pm_debug.o
 .data          0x000027f0        0x0 ./../mem_timing.o
 .data          0x000027f0        0x0 ./../mem_mmu_pc.o
 .data          0x000027f0        0x0 ./../mem_mmu_pc_asm.o
 .data          0x000027f0        0x0 ./../mem_cpu.o
 .data          0x000027f0        0x0 ./../mem_serial.o
 .data          0x000027f0        0x0 ./../mem_printk.o
 .data          0x000027f0        0x0 ./../mem_divlib.o
 .data          0x000027f0        0x0 ./../mem_divlibc.o
 .data          0x000027f0        0x0 ./../mem_int.o
 .data          0x000027f0        0x0 ./../mem_tmr.o
 .data          0x000027f0        0x0 ./../mem_clk.o
                0x000027f0                __bss_start = .

.igot.plt       0x000027f0        0x0
 .igot.plt      0x00000000        0x0 ./super/resume/resume_head.o

.bss            0x000027f0      0x4c4
 *(.sbss)
 *(.scommon)
 *(.bss)
 .bss           0x000027f0        0x0 ./super/resume/resume_head.o
 .bss           0x000027f0        0x0 ./super/resume/resume1.o
 .bss           0x000027f0        0x0 ./super/common.o
 .bss           0x000027f0        0x0 ./super/super_twi.o
 .bss           0x000027f0        0x0 ./super/super_delay.o
 .bss           0x000027f0        0x0 ./super/super_clock.o
 .bss           0x000027f0        0x0 ./super/super_power.o
 .bss           0x000027f0        0x0 ./super/super_cpus.o
 .bss           0x000027f0      0x1dc ./super/resume/resume1_c_part.o
 .bss           0x000029cc        0x4 ./../pm_debug.o
                0x000029cc                print_flag
 .bss           0x000029d0       0x10 ./../mem_timing.o
 .bss           0x000029e0        0x0 ./../mem_mmu_pc.o
 .bss           0x000029e0        0x0 ./../mem_mmu_pc_asm.o
 .bss           0x000029e0        0x0 ./../mem_cpu.o
 .bss           0x000029e0        0x0 ./../mem_serial.o
 .bss           0x000029e0        0x0 ./../mem_printk.o
 .bss           0x000029e0        0x0 ./../mem_divlib.o
 .bss           0x000029e0        0x0 ./../mem_divlibc.o
 .bss           0x000029e0        0x8 ./../mem_int.o
 .bss           0x000029e8       0x10 ./../mem_tmr.o
 .bss           0x000029f8        0x4 ./../mem_clk.o
 *(COMMON)
 COMMON         0x000029fc      0x1b8 ./../mem_cpu.o
                0x000029fc                saved_context_r13_irq
                0x00002a04                saved_context_r12_svc
                0x00002a0c                saved_spsr_fiq
                0x00002a10                saved_spsr_und
                0x00002a14                saved_spsr_irq
                0x00002a18                saved_context_r13_abt
                0x00002a20                saved_spsr_mon
                0x00002a24                saved_empty_context_svc
                0x00002ad4                saved_context_r13_fiq
                0x00002af0                saved_cpsr_svc
                0x00002af4                saved_context_r13_sys
                0x00002afc                saved_spsr_abt
                0x00002b00                saved_context_r13_mon
                0x00002b08                saved_context
                0x00002ba8                saved_spsr_svc
                0x00002bac                saved_context_r13_und
 COMMON         0x00002bb4      0x100 ./../mem_printk.o
                0x00002bb4                debugger_buffer
                0x00002cb4                __bss_end = .
                0x00002cb4                __resume1_end = .
LOAD ./super/common.o
LOAD ./super/super_twi.o
LOAD ./super/super_delay.o
LOAD ./super/super_clock.o
LOAD ./super/super_power.o
LOAD ./super/super_cpus.o
LOAD ./super/resume/resume1.o
LOAD ./super/resume/resume_head.o
LOAD ./super/resume/resume1_c_part.o
LOAD ./../pm_debug.o
LOAD ./../mem_timing.o
LOAD ./../mem_mmu_pc.o
LOAD ./../mem_mmu_pc_asm.o
LOAD ./../mem_cpu.o
LOAD ./../mem_serial.o
LOAD ./../mem_printk.o
LOAD ./../mem_divlib.o
LOAD ./../mem_divlibc.o
LOAD ./../mem_int.o
LOAD ./../mem_tmr.o
LOAD ./../mem_clk.o
OUTPUT(resume1.elf elf32-littlearm)

.debug_info     0x00000000     0x794f
 .debug_info    0x00000000      0x141 ./super/resume/resume_head.o
 .debug_info    0x00000141       0xa8 ./super/resume/resume1.o
 .debug_info    0x000001e9       0xd4 ./super/common.o
 .debug_info    0x000002bd       0x65 ./super/super_twi.o
 .debug_info    0x00000322       0xa5 ./super/super_delay.o
 .debug_info    0x000003c7       0x65 ./super/super_clock.o
 .debug_info    0x0000042c       0x65 ./super/super_power.o
 .debug_info    0x00000491      0x109 ./super/super_cpus.o
 .debug_info    0x0000059a     0x2a72 ./super/resume/resume1_c_part.o
 .debug_info    0x0000300c      0x222 ./../pm_debug.o
 .debug_info    0x0000322e      0x465 ./../mem_timing.o
 .debug_info    0x00003693      0x148 ./../mem_mmu_pc.o
 .debug_info    0x000037db       0xa5 ./../mem_mmu_pc_asm.o
 .debug_info    0x00003880      0x521 ./../mem_cpu.o
 .debug_info    0x00003da1      0x365 ./../mem_serial.o
 .debug_info    0x00004106      0x983 ./../mem_printk.o
 .debug_info    0x00004a89       0xa1 ./../mem_divlib.o
 .debug_info    0x00004b2a       0xec ./../mem_divlibc.o
 .debug_info    0x00004c16      0x1d9 ./../mem_int.o
 .debug_info    0x00004def      0x3e5 ./../mem_tmr.o
 .debug_info    0x000051d4     0x277b ./../mem_clk.o

.debug_abbrev   0x00000000     0x1090
 .debug_abbrev  0x00000000       0x7f ./super/resume/resume_head.o
 .debug_abbrev  0x0000007f       0x14 ./super/resume/resume1.o
 .debug_abbrev  0x00000093       0x8d ./super/common.o
 .debug_abbrev  0x00000120       0x2a ./super/super_twi.o
 .debug_abbrev  0x0000014a       0x14 ./super/super_delay.o
 .debug_abbrev  0x0000015e       0x2a ./super/super_clock.o
 .debug_abbrev  0x00000188       0x2a ./super/super_power.o
 .debug_abbrev  0x000001b2       0xb7 ./super/super_cpus.o
 .debug_abbrev  0x00000269      0x1c8 ./super/resume/resume1_c_part.o
 .debug_abbrev  0x00000431       0xe5 ./../pm_debug.o
 .debug_abbrev  0x00000516      0x1d7 ./../mem_timing.o
 .debug_abbrev  0x000006ed       0xa8 ./../mem_mmu_pc.o
 .debug_abbrev  0x00000795       0x14 ./../mem_mmu_pc_asm.o
 .debug_abbrev  0x000007a9      0x121 ./../mem_cpu.o
 .debug_abbrev  0x000008ca      0x19a ./../mem_serial.o
 .debug_abbrev  0x00000a64      0x257 ./../mem_printk.o
 .debug_abbrev  0x00000cbb       0x14 ./../mem_divlib.o
 .debug_abbrev  0x00000ccf       0x81 ./../mem_divlibc.o
 .debug_abbrev  0x00000d50       0xcb ./../mem_int.o
 .debug_abbrev  0x00000e1b       0xda ./../mem_tmr.o
 .debug_abbrev  0x00000ef5      0x19b ./../mem_clk.o

.debug_line     0x00000000     0x114d
 .debug_line    0x00000000       0x3d ./super/resume/resume_head.o
 .debug_line    0x0000003d       0x62 ./super/resume/resume1.o
 .debug_line    0x0000009f       0x52 ./super/common.o
 .debug_line    0x000000f1       0x1d ./super/super_twi.o
 .debug_line    0x0000010e       0x4e ./super/super_delay.o
 .debug_line    0x0000015c       0x1d ./super/super_clock.o
 .debug_line    0x00000179       0x1d ./super/super_power.o
 .debug_line    0x00000196       0x9f ./super/super_cpus.o
 .debug_line    0x00000235      0x1c8 ./super/resume/resume1_c_part.o
 .debug_line    0x000003fd       0x8c ./../pm_debug.o
 .debug_line    0x00000489       0xf0 ./../mem_timing.o
 .debug_line    0x00000579       0x76 ./../mem_mmu_pc.o
 .debug_line    0x000005ef      0x19d ./../mem_mmu_pc_asm.o
 .debug_line    0x0000078c       0xeb ./../mem_cpu.o
 .debug_line    0x00000877      0x128 ./../mem_serial.o
 .debug_line    0x0000099f      0x39a ./../mem_printk.o
 .debug_line    0x00000d39       0x90 ./../mem_divlib.o
 .debug_line    0x00000dc9       0x6b ./../mem_divlibc.o
 .debug_line    0x00000e34       0xdb ./../mem_int.o
 .debug_line    0x00000f0f       0xac ./../mem_tmr.o
 .debug_line    0x00000fbb      0x192 ./../mem_clk.o

.debug_str      0x00000000     0x1c20
 .debug_str     0x00000000      0x17d ./super/resume/resume_head.o
                                0x196 (size before relaxing)
 .debug_str     0x0000017d       0x51 ./super/common.o
                                0x13c (size before relaxing)
 .debug_str     0x000001ce       0x14 ./super/super_twi.o
                                0x11a (size before relaxing)
 .debug_str     0x000001e2       0x16 ./super/super_clock.o
                                0x11c (size before relaxing)
 .debug_str     0x000001f8       0x16 ./super/super_power.o
                                0x11c (size before relaxing)
 .debug_str     0x0000020e       0x60 ./super/super_cpus.o
                                0x178 (size before relaxing)
 .debug_str     0x0000026e      0xf66 ./super/resume/resume1_c_part.o
                               0x10e3 (size before relaxing)
 .debug_str     0x000011d4       0xd2 ./../pm_debug.o
                                0x1d9 (size before relaxing)
 .debug_str     0x000012a6      0x1cb ./../mem_timing.o
                                0x2e0 (size before relaxing)
 .debug_str     0x00001471       0x33 ./../mem_mmu_pc.o
                                0x186 (size before relaxing)
 .debug_str     0x000014a4      0x1c1 ./../mem_cpu.o
                                0x3d3 (size before relaxing)
 .debug_str     0x00001665       0xc8 ./../mem_serial.o
                                0x1d4 (size before relaxing)
 .debug_str     0x0000172d       0xe6 ./../mem_printk.o
                                0x20b (size before relaxing)
 .debug_str     0x00001813       0x4e ./../mem_divlibc.o
                                0x14e (size before relaxing)
 .debug_str     0x00001861       0xf9 ./../mem_int.o
                                0x1f9 (size before relaxing)
 .debug_str     0x0000195a      0x207 ./../mem_tmr.o
                                0x361 (size before relaxing)
 .debug_str     0x00001b61       0xbf ./../mem_clk.o
                                0xe98 (size before relaxing)

.comment        0x00000000       0x64
 .comment       0x00000000       0x64 ./super/resume/resume_head.o
                                 0x65 (size before relaxing)
 .comment       0x00000000       0x65 ./super/common.o
 .comment       0x00000000       0x65 ./super/super_twi.o
 .comment       0x00000000       0x65 ./super/super_clock.o
 .comment       0x00000000       0x65 ./super/super_power.o
 .comment       0x00000000       0x65 ./super/super_cpus.o
 .comment       0x00000000       0x65 ./super/resume/resume1_c_part.o
 .comment       0x00000000       0x65 ./../pm_debug.o
 .comment       0x00000000       0x65 ./../mem_timing.o
 .comment       0x00000000       0x65 ./../mem_mmu_pc.o
 .comment       0x00000000       0x65 ./../mem_cpu.o
 .comment       0x00000000       0x65 ./../mem_serial.o
 .comment       0x00000000       0x65 ./../mem_printk.o
 .comment       0x00000000       0x65 ./../mem_divlibc.o
 .comment       0x00000000       0x65 ./../mem_int.o
 .comment       0x00000000       0x65 ./../mem_tmr.o
 .comment       0x00000000       0x65 ./../mem_clk.o

.note.GNU-stack
                0x00000000        0x0
 .note.GNU-stack
                0x00000000        0x0 ./super/resume/resume_head.o
 .note.GNU-stack
                0x00000000        0x0 ./super/common.o
 .note.GNU-stack
                0x00000000        0x0 ./super/super_twi.o
 .note.GNU-stack
                0x00000000        0x0 ./super/super_clock.o
 .note.GNU-stack
                0x00000000        0x0 ./super/super_power.o
 .note.GNU-stack
                0x00000000        0x0 ./super/super_cpus.o
 .note.GNU-stack
                0x00000000        0x0 ./super/resume/resume1_c_part.o
 .note.GNU-stack
                0x00000000        0x0 ./../pm_debug.o
 .note.GNU-stack
                0x00000000        0x0 ./../mem_timing.o
 .note.GNU-stack
                0x00000000        0x0 ./../mem_mmu_pc.o
 .note.GNU-stack
                0x00000000        0x0 ./../mem_cpu.o
 .note.GNU-stack
                0x00000000        0x0 ./../mem_serial.o
 .note.GNU-stack
                0x00000000        0x0 ./../mem_printk.o
 .note.GNU-stack
                0x00000000        0x0 ./../mem_divlibc.o
 .note.GNU-stack
                0x00000000        0x0 ./../mem_int.o
 .note.GNU-stack
                0x00000000        0x0 ./../mem_tmr.o
 .note.GNU-stack
                0x00000000        0x0 ./../mem_clk.o

.ARM.attributes
                0x00000000       0x33
 .ARM.attributes
                0x00000000       0x35 ./super/resume/resume_head.o
 .ARM.attributes
                0x00000035       0x21 ./super/resume/resume1.o
 .ARM.attributes
                0x00000056       0x35 ./super/common.o
 .ARM.attributes
                0x0000008b       0x35 ./super/super_twi.o
 .ARM.attributes
                0x000000c0       0x21 ./super/super_delay.o
 .ARM.attributes
                0x000000e1       0x35 ./super/super_clock.o
 .ARM.attributes
                0x00000116       0x35 ./super/super_power.o
 .ARM.attributes
                0x0000014b       0x35 ./super/super_cpus.o
 .ARM.attributes
                0x00000180       0x35 ./super/resume/resume1_c_part.o
 .ARM.attributes
                0x000001b5       0x35 ./../pm_debug.o
 .ARM.attributes
                0x000001ea       0x35 ./../mem_timing.o
 .ARM.attributes
                0x0000021f       0x35 ./../mem_mmu_pc.o
 .ARM.attributes
                0x00000254       0x21 ./../mem_mmu_pc_asm.o
 .ARM.attributes
                0x00000275       0x35 ./../mem_cpu.o
 .ARM.attributes
                0x000002aa       0x35 ./../mem_serial.o
 .ARM.attributes
                0x000002df       0x35 ./../mem_printk.o
 .ARM.attributes
                0x00000314       0x21 ./../mem_divlib.o
 .ARM.attributes
                0x00000335       0x35 ./../mem_divlibc.o
 .ARM.attributes
                0x0000036a       0x35 ./../mem_int.o
 .ARM.attributes
                0x0000039f       0x35 ./../mem_tmr.o
 .ARM.attributes
                0x000003d4       0x35 ./../mem_clk.o

.debug_aranges  0x00000000      0x220
 .debug_aranges
                0x00000000       0x20 ./super/resume/resume1.o
 .debug_aranges
                0x00000020       0x20 ./super/common.o
 .debug_aranges
                0x00000040       0x20 ./super/super_delay.o
 .debug_aranges
                0x00000060       0x20 ./super/super_cpus.o
 .debug_aranges
                0x00000080       0x20 ./super/resume/resume1_c_part.o
 .debug_aranges
                0x000000a0       0x20 ./../pm_debug.o
 .debug_aranges
                0x000000c0       0x20 ./../mem_timing.o
 .debug_aranges
                0x000000e0       0x20 ./../mem_mmu_pc.o
 .debug_aranges
                0x00000100       0x20 ./../mem_mmu_pc_asm.o
 .debug_aranges
                0x00000120       0x20 ./../mem_cpu.o
 .debug_aranges
                0x00000140       0x20 ./../mem_serial.o
 .debug_aranges
                0x00000160       0x20 ./../mem_printk.o
 .debug_aranges
                0x00000180       0x20 ./../mem_divlib.o
 .debug_aranges
                0x000001a0       0x20 ./../mem_divlibc.o
 .debug_aranges
                0x000001c0       0x20 ./../mem_int.o
 .debug_aranges
                0x000001e0       0x20 ./../mem_tmr.o
 .debug_aranges
                0x00000200       0x20 ./../mem_clk.o

.debug_loc      0x00000000     0x1917
 .debug_loc     0x00000000       0x59 ./super/common.o
 .debug_loc     0x00000059       0xf6 ./super/super_cpus.o
 .debug_loc     0x0000014f       0xd8 ./super/resume/resume1_c_part.o
 .debug_loc     0x00000227       0xf1 ./../pm_debug.o
 .debug_loc     0x00000318      0x3d9 ./../mem_timing.o
 .debug_loc     0x000006f1       0x42 ./../mem_cpu.o
 .debug_loc     0x00000733      0x236 ./../mem_serial.o
 .debug_loc     0x00000969      0xc12 ./../mem_printk.o
 .debug_loc     0x0000157b       0xb2 ./../mem_divlibc.o
 .debug_loc     0x0000162d      0x175 ./../mem_int.o
 .debug_loc     0x000017a2       0x3c ./../mem_tmr.o
 .debug_loc     0x000017de      0x139 ./../mem_clk.o

.debug_frame    0x00000000      0x6cc
 .debug_frame   0x00000000       0x20 ./super/common.o
 .debug_frame   0x00000020       0x40 ./super/super_cpus.o
 .debug_frame   0x00000060       0x48 ./super/resume/resume1_c_part.o
 .debug_frame   0x000000a8       0xf0 ./../pm_debug.o
 .debug_frame   0x00000198       0xd8 ./../mem_timing.o
 .debug_frame   0x00000270       0x30 ./../mem_mmu_pc.o
 .debug_frame   0x000002a0       0x90 ./../mem_cpu.o
 .debug_frame   0x00000330       0x90 ./../mem_serial.o
 .debug_frame   0x000003c0      0x15c ./../mem_printk.o
 .debug_frame   0x0000051c       0x30 ./../mem_divlibc.o
 .debug_frame   0x0000054c       0x64 ./../mem_int.o
 .debug_frame   0x000005b0       0x70 ./../mem_tmr.o
 .debug_frame   0x00000620       0xac ./../mem_clk.o

.debug_ranges   0x00000000      0x110
 .debug_ranges  0x00000000       0xe0 ./../mem_serial.o
 .debug_ranges  0x000000e0       0x30 ./../mem_printk.o
